../Core/Src/main.c:91:5:main	8	static
../Core/Src/main.c:160:6:SystemClock_Config	88	static
../Core/Src/main.c:207:13:MX_TIM1_Init	96	static
../Core/Src/main.c:282:13:MX_TIM2_Init	48	static
../Core/Src/main.c:340:13:MX_USART2_UART_Init	8	static
../Core/Src/main.c:371:13:MX_DMA_Init	16	static
../Core/Src/main.c:393:13:MX_GPIO_Init	48	static
../Core/Src/main.c:422:7:IC_Cale_Period	32	static
../Core/Src/main.c:438:7:PI_Control	16	static
../Core/Src/main.c:455:6:Error_Handler	4	static,ignoring_inline_asm
